Archive member included because of file (symbol)

e:/embedded_iti/01-embedded systems avr tools/01- imt sdk/imt_sdk_win_64/winavr/bin/../lib/gcc/avr/4.3.3/avr5\libgcc.a(_mulsi3.o)
                              ./TIMER0_programe.o (__mulsi3)
e:/embedded_iti/01-embedded systems avr tools/01- imt sdk/imt_sdk_win_64/winavr/bin/../lib/gcc/avr/4.3.3/avr5\libgcc.a(_udivmodsi4.o)
                              ./LCD_program.o (__udivmodsi4)
e:/embedded_iti/01-embedded systems avr tools/01- imt sdk/imt_sdk_win_64/winavr/bin/../lib/gcc/avr/4.3.3/avr5\libgcc.a(_exit.o)
                              e:/embedded_iti/01-embedded systems avr tools/01- imt sdk/imt_sdk_win_64/winavr/bin/../lib/gcc/avr/4.3.3/../../../../avr/lib/avr5/crtm32.o (exit)
e:/embedded_iti/01-embedded systems avr tools/01- imt sdk/imt_sdk_win_64/winavr/bin/../lib/gcc/avr/4.3.3/avr5\libgcc.a(_copy_data.o)
                              ./main.o (__do_copy_data)
e:/embedded_iti/01-embedded systems avr tools/01- imt sdk/imt_sdk_win_64/winavr/bin/../lib/gcc/avr/4.3.3/avr5\libgcc.a(_clear_bss.o)
                              ./EXTI_program.o (__do_clear_bss)
e:/embedded_iti/01-embedded systems avr tools/01- imt sdk/imt_sdk_win_64/winavr/bin/../lib/gcc/avr/4.3.3/avr5\libgcc.a(_fixunssfsi.o)
                              ./LCD_program.o (__fixunssfsi)
e:/embedded_iti/01-embedded systems avr tools/01- imt sdk/imt_sdk_win_64/winavr/bin/../lib/gcc/avr/4.3.3/avr5\libgcc.a(_addsub_sf.o)
                              ./TIMER0_programe.o (__subsf3)
e:/embedded_iti/01-embedded systems avr tools/01- imt sdk/imt_sdk_win_64/winavr/bin/../lib/gcc/avr/4.3.3/avr5\libgcc.a(_mul_sf.o)
                              ./LCD_program.o (__mulsf3)
e:/embedded_iti/01-embedded systems avr tools/01- imt sdk/imt_sdk_win_64/winavr/bin/../lib/gcc/avr/4.3.3/avr5\libgcc.a(_div_sf.o)
                              ./TIMER0_programe.o (__divsf3)
e:/embedded_iti/01-embedded systems avr tools/01- imt sdk/imt_sdk_win_64/winavr/bin/../lib/gcc/avr/4.3.3/avr5\libgcc.a(_gt_sf.o)
                              ./LCD_program.o (__gtsf2)
e:/embedded_iti/01-embedded systems avr tools/01- imt sdk/imt_sdk_win_64/winavr/bin/../lib/gcc/avr/4.3.3/avr5\libgcc.a(_ge_sf.o)
                              e:/embedded_iti/01-embedded systems avr tools/01- imt sdk/imt_sdk_win_64/winavr/bin/../lib/gcc/avr/4.3.3/avr5\libgcc.a(_fixunssfsi.o) (__gesf2)
e:/embedded_iti/01-embedded systems avr tools/01- imt sdk/imt_sdk_win_64/winavr/bin/../lib/gcc/avr/4.3.3/avr5\libgcc.a(_lt_sf.o)
                              ./LCD_program.o (__ltsf2)
e:/embedded_iti/01-embedded systems avr tools/01- imt sdk/imt_sdk_win_64/winavr/bin/../lib/gcc/avr/4.3.3/avr5\libgcc.a(_sf_to_si.o)
                              e:/embedded_iti/01-embedded systems avr tools/01- imt sdk/imt_sdk_win_64/winavr/bin/../lib/gcc/avr/4.3.3/avr5\libgcc.a(_fixunssfsi.o) (__fixsfsi)
e:/embedded_iti/01-embedded systems avr tools/01- imt sdk/imt_sdk_win_64/winavr/bin/../lib/gcc/avr/4.3.3/avr5\libgcc.a(_thenan_sf.o)
                              e:/embedded_iti/01-embedded systems avr tools/01- imt sdk/imt_sdk_win_64/winavr/bin/../lib/gcc/avr/4.3.3/avr5\libgcc.a(_addsub_sf.o) (__thenan_sf)
e:/embedded_iti/01-embedded systems avr tools/01- imt sdk/imt_sdk_win_64/winavr/bin/../lib/gcc/avr/4.3.3/avr5\libgcc.a(_usi_to_sf.o)
                              ./TIMER0_programe.o (__floatunsisf)
e:/embedded_iti/01-embedded systems avr tools/01- imt sdk/imt_sdk_win_64/winavr/bin/../lib/gcc/avr/4.3.3/avr5\libgcc.a(_prologue.o)
                              e:/embedded_iti/01-embedded systems avr tools/01- imt sdk/imt_sdk_win_64/winavr/bin/../lib/gcc/avr/4.3.3/avr5\libgcc.a(_addsub_sf.o) (__prologue_saves__)
e:/embedded_iti/01-embedded systems avr tools/01- imt sdk/imt_sdk_win_64/winavr/bin/../lib/gcc/avr/4.3.3/avr5\libgcc.a(_epilogue.o)
                              e:/embedded_iti/01-embedded systems avr tools/01- imt sdk/imt_sdk_win_64/winavr/bin/../lib/gcc/avr/4.3.3/avr5\libgcc.a(_addsub_sf.o) (__epilogue_restores__)
e:/embedded_iti/01-embedded systems avr tools/01- imt sdk/imt_sdk_win_64/winavr/bin/../lib/gcc/avr/4.3.3/avr5\libgcc.a(_clzsi2.o)
                              e:/embedded_iti/01-embedded systems avr tools/01- imt sdk/imt_sdk_win_64/winavr/bin/../lib/gcc/avr/4.3.3/avr5\libgcc.a(_usi_to_sf.o) (__clzsi2)
e:/embedded_iti/01-embedded systems avr tools/01- imt sdk/imt_sdk_win_64/winavr/bin/../lib/gcc/avr/4.3.3/avr5\libgcc.a(_pack_sf.o)
                              e:/embedded_iti/01-embedded systems avr tools/01- imt sdk/imt_sdk_win_64/winavr/bin/../lib/gcc/avr/4.3.3/avr5\libgcc.a(_addsub_sf.o) (__pack_f)
e:/embedded_iti/01-embedded systems avr tools/01- imt sdk/imt_sdk_win_64/winavr/bin/../lib/gcc/avr/4.3.3/avr5\libgcc.a(_unpack_sf.o)
                              e:/embedded_iti/01-embedded systems avr tools/01- imt sdk/imt_sdk_win_64/winavr/bin/../lib/gcc/avr/4.3.3/avr5\libgcc.a(_addsub_sf.o) (__unpack_f)
e:/embedded_iti/01-embedded systems avr tools/01- imt sdk/imt_sdk_win_64/winavr/bin/../lib/gcc/avr/4.3.3/avr5\libgcc.a(_fpcmp_parts_sf.o)
                              e:/embedded_iti/01-embedded systems avr tools/01- imt sdk/imt_sdk_win_64/winavr/bin/../lib/gcc/avr/4.3.3/avr5\libgcc.a(_gt_sf.o) (__fpcmp_parts_f)
e:/embedded_iti/01-embedded systems avr tools/01- imt sdk/imt_sdk_win_64/winavr/bin/../lib/gcc/avr/4.3.3/avr5\libgcc.a(_clz.o)
                              e:/embedded_iti/01-embedded systems avr tools/01- imt sdk/imt_sdk_win_64/winavr/bin/../lib/gcc/avr/4.3.3/avr5\libgcc.a(_clzsi2.o) (__clz_tab)

Allocating common symbols
Common symbol       size              file

TIMER               0x4               ./TIMER0_programe.o
PreScaler           0x4               ./TIMER0_programe.o
PreLoad             0x4               ./TIMER0_programe.o

Memory Configuration

Name             Origin             Length             Attributes
text             0x00000000         0x00020000         xr
data             0x00800060         0x0000ffa0         rw !x
eeprom           0x00810000         0x00010000         rw !x
fuse             0x00820000         0x00000400         rw !x
lock             0x00830000         0x00000400         rw !x
signature        0x00840000         0x00000400         rw !x
*default*        0x00000000         0xffffffff

Linker script and memory map

LOAD e:/embedded_iti/01-embedded systems avr tools/01- imt sdk/imt_sdk_win_64/winavr/bin/../lib/gcc/avr/4.3.3/../../../../avr/lib/avr5/crtm32.o
LOAD ./DIO_program.o
LOAD ./EXTI_program.o
LOAD ./GIE_program.o
LOAD ./LCD_program.o
LOAD ./TIMER0_programe.o
LOAD ./TIMER1_program.o
LOAD ./main.o
LOAD e:/embedded_iti/01-embedded systems avr tools/01- imt sdk/imt_sdk_win_64/winavr/bin/../lib/gcc/avr/4.3.3/avr5\libgcc.a
LOAD e:/embedded_iti/01-embedded systems avr tools/01- imt sdk/imt_sdk_win_64/winavr/bin/../lib/gcc/avr/4.3.3/../../../../avr/lib/avr5\libc.a
LOAD e:/embedded_iti/01-embedded systems avr tools/01- imt sdk/imt_sdk_win_64/winavr/bin/../lib/gcc/avr/4.3.3/avr5\libgcc.a

.hash
 *(.hash)

.dynsym
 *(.dynsym)

.dynstr
 *(.dynstr)

.gnu.version
 *(.gnu.version)

.gnu.version_d
 *(.gnu.version_d)

.gnu.version_r
 *(.gnu.version_r)

.rel.init
 *(.rel.init)

.rela.init
 *(.rela.init)

.rel.text
 *(.rel.text)
 *(.rel.text.*)
 *(.rel.gnu.linkonce.t*)

.rela.text
 *(.rela.text)
 *(.rela.text.*)
 *(.rela.gnu.linkonce.t*)

.rel.fini
 *(.rel.fini)

.rela.fini
 *(.rela.fini)

.rel.rodata
 *(.rel.rodata)
 *(.rel.rodata.*)
 *(.rel.gnu.linkonce.r*)

.rela.rodata
 *(.rela.rodata)
 *(.rela.rodata.*)
 *(.rela.gnu.linkonce.r*)

.rel.data
 *(.rel.data)
 *(.rel.data.*)
 *(.rel.gnu.linkonce.d*)

.rela.data
 *(.rela.data)
 *(.rela.data.*)
 *(.rela.gnu.linkonce.d*)

.rel.ctors
 *(.rel.ctors)

.rela.ctors
 *(.rela.ctors)

.rel.dtors
 *(.rel.dtors)

.rela.dtors
 *(.rela.dtors)

.rel.got
 *(.rel.got)

.rela.got
 *(.rela.got)

.rel.bss
 *(.rel.bss)

.rela.bss
 *(.rela.bss)

.rel.plt
 *(.rel.plt)

.rela.plt
 *(.rela.plt)

.text           0x00000000     0x30f2
 *(.vectors)
 .vectors       0x00000000       0x54 e:/embedded_iti/01-embedded systems avr tools/01- imt sdk/imt_sdk_win_64/winavr/bin/../lib/gcc/avr/4.3.3/../../../../avr/lib/avr5/crtm32.o
                0x00000000                __vectors
                0x00000000                __vector_default
 *(.vectors)
 *(.progmem.gcc*)
 *(.progmem*)
                0x00000054                . = ALIGN (0x2)
                0x00000054                __trampolines_start = .
 *(.trampolines)
 .trampolines   0x00000054        0x0 linker stubs
 *(.trampolines*)
                0x00000054                __trampolines_end = .
 *(.jumptables)
 *(.jumptables*)
 *(.lowtext)
 *(.lowtext*)
                0x00000054                __ctors_start = .
 *(.ctors)
                0x00000054                __ctors_end = .
                0x00000054                __dtors_start = .
 *(.dtors)
                0x00000054                __dtors_end = .
 SORT(*)(.ctors)
 SORT(*)(.dtors)
 *(.init0)
 .init0         0x00000054        0x0 e:/embedded_iti/01-embedded systems avr tools/01- imt sdk/imt_sdk_win_64/winavr/bin/../lib/gcc/avr/4.3.3/../../../../avr/lib/avr5/crtm32.o
                0x00000054                __init
 *(.init0)
 *(.init1)
 *(.init1)
 *(.init2)
 .init2         0x00000054        0xc e:/embedded_iti/01-embedded systems avr tools/01- imt sdk/imt_sdk_win_64/winavr/bin/../lib/gcc/avr/4.3.3/../../../../avr/lib/avr5/crtm32.o
 *(.init2)
 *(.init3)
 *(.init3)
 *(.init4)
 .init4         0x00000060       0x16 e:/embedded_iti/01-embedded systems avr tools/01- imt sdk/imt_sdk_win_64/winavr/bin/../lib/gcc/avr/4.3.3/avr5\libgcc.a(_copy_data.o)
                0x00000060                __do_copy_data
 .init4         0x00000076       0x10 e:/embedded_iti/01-embedded systems avr tools/01- imt sdk/imt_sdk_win_64/winavr/bin/../lib/gcc/avr/4.3.3/avr5\libgcc.a(_clear_bss.o)
                0x00000076                __do_clear_bss
 *(.init4)
 *(.init5)
 *(.init5)
 *(.init6)
 *(.init6)
 *(.init7)
 *(.init7)
 *(.init8)
 *(.init8)
 *(.init9)
 .init9         0x00000086        0x8 e:/embedded_iti/01-embedded systems avr tools/01- imt sdk/imt_sdk_win_64/winavr/bin/../lib/gcc/avr/4.3.3/../../../../avr/lib/avr5/crtm32.o
 *(.init9)
 *(.text)
 .text          0x0000008e        0x4 e:/embedded_iti/01-embedded systems avr tools/01- imt sdk/imt_sdk_win_64/winavr/bin/../lib/gcc/avr/4.3.3/../../../../avr/lib/avr5/crtm32.o
                0x0000008e                __vector_12
                0x0000008e                __bad_interrupt
                0x0000008e                __vector_13
                0x0000008e                __vector_17
                0x0000008e                __vector_19
                0x0000008e                __vector_5
                0x0000008e                __vector_4
                0x0000008e                __vector_15
                0x0000008e                __vector_14
                0x0000008e                __vector_16
                0x0000008e                __vector_18
                0x0000008e                __vector_20
 .text          0x00000092        0x0 ./DIO_program.o
 .text          0x00000092        0x0 ./EXTI_program.o
 .text          0x00000092        0x0 ./GIE_program.o
 .text          0x00000092        0x0 ./LCD_program.o
 .text          0x00000092        0x0 ./TIMER0_programe.o
 .text          0x00000092        0x0 ./TIMER1_program.o
 .text          0x00000092        0x0 ./main.o
 .text          0x00000092        0x0 e:/embedded_iti/01-embedded systems avr tools/01- imt sdk/imt_sdk_win_64/winavr/bin/../lib/gcc/avr/4.3.3/avr5\libgcc.a(_mulsi3.o)
 .text          0x00000092        0x0 e:/embedded_iti/01-embedded systems avr tools/01- imt sdk/imt_sdk_win_64/winavr/bin/../lib/gcc/avr/4.3.3/avr5\libgcc.a(_udivmodsi4.o)
 .text          0x00000092        0x0 e:/embedded_iti/01-embedded systems avr tools/01- imt sdk/imt_sdk_win_64/winavr/bin/../lib/gcc/avr/4.3.3/avr5\libgcc.a(_exit.o)
 .text          0x00000092        0x0 e:/embedded_iti/01-embedded systems avr tools/01- imt sdk/imt_sdk_win_64/winavr/bin/../lib/gcc/avr/4.3.3/avr5\libgcc.a(_copy_data.o)
 .text          0x00000092        0x0 e:/embedded_iti/01-embedded systems avr tools/01- imt sdk/imt_sdk_win_64/winavr/bin/../lib/gcc/avr/4.3.3/avr5\libgcc.a(_clear_bss.o)
 .text          0x00000092       0x58 e:/embedded_iti/01-embedded systems avr tools/01- imt sdk/imt_sdk_win_64/winavr/bin/../lib/gcc/avr/4.3.3/avr5\libgcc.a(_fixunssfsi.o)
                0x00000092                __fixunssfsi
 .text          0x000000ea      0x354 e:/embedded_iti/01-embedded systems avr tools/01- imt sdk/imt_sdk_win_64/winavr/bin/../lib/gcc/avr/4.3.3/avr5\libgcc.a(_addsub_sf.o)
                0x00000382                __subsf3
                0x000003e4                __addsf3
 .text          0x0000043e      0x1f4 e:/embedded_iti/01-embedded systems avr tools/01- imt sdk/imt_sdk_win_64/winavr/bin/../lib/gcc/avr/4.3.3/avr5\libgcc.a(_mul_sf.o)
                0x0000043e                __mulsf3
 .text          0x00000632      0x158 e:/embedded_iti/01-embedded systems avr tools/01- imt sdk/imt_sdk_win_64/winavr/bin/../lib/gcc/avr/4.3.3/avr5\libgcc.a(_div_sf.o)
                0x00000632                __divsf3
 .text          0x0000078a       0x60 e:/embedded_iti/01-embedded systems avr tools/01- imt sdk/imt_sdk_win_64/winavr/bin/../lib/gcc/avr/4.3.3/avr5\libgcc.a(_gt_sf.o)
                0x0000078a                __gtsf2
 .text          0x000007ea       0x60 e:/embedded_iti/01-embedded systems avr tools/01- imt sdk/imt_sdk_win_64/winavr/bin/../lib/gcc/avr/4.3.3/avr5\libgcc.a(_ge_sf.o)
                0x000007ea                __gesf2
 .text          0x0000084a       0x60 e:/embedded_iti/01-embedded systems avr tools/01- imt sdk/imt_sdk_win_64/winavr/bin/../lib/gcc/avr/4.3.3/avr5\libgcc.a(_lt_sf.o)
                0x0000084a                __ltsf2
 .text          0x000008aa       0xa8 e:/embedded_iti/01-embedded systems avr tools/01- imt sdk/imt_sdk_win_64/winavr/bin/../lib/gcc/avr/4.3.3/avr5\libgcc.a(_sf_to_si.o)
                0x000008aa                __fixsfsi
 .text          0x00000952        0x0 e:/embedded_iti/01-embedded systems avr tools/01- imt sdk/imt_sdk_win_64/winavr/bin/../lib/gcc/avr/4.3.3/avr5\libgcc.a(_thenan_sf.o)
 .text          0x00000952       0xf2 e:/embedded_iti/01-embedded systems avr tools/01- imt sdk/imt_sdk_win_64/winavr/bin/../lib/gcc/avr/4.3.3/avr5\libgcc.a(_usi_to_sf.o)
                0x00000952                __floatunsisf
 .text          0x00000a44        0x0 e:/embedded_iti/01-embedded systems avr tools/01- imt sdk/imt_sdk_win_64/winavr/bin/../lib/gcc/avr/4.3.3/avr5\libgcc.a(_prologue.o)
 .text          0x00000a44        0x0 e:/embedded_iti/01-embedded systems avr tools/01- imt sdk/imt_sdk_win_64/winavr/bin/../lib/gcc/avr/4.3.3/avr5\libgcc.a(_epilogue.o)
 .text          0x00000a44       0x9e e:/embedded_iti/01-embedded systems avr tools/01- imt sdk/imt_sdk_win_64/winavr/bin/../lib/gcc/avr/4.3.3/avr5\libgcc.a(_clzsi2.o)
                0x00000a44                __clzsi2
 .text          0x00000ae2      0x1aa e:/embedded_iti/01-embedded systems avr tools/01- imt sdk/imt_sdk_win_64/winavr/bin/../lib/gcc/avr/4.3.3/avr5\libgcc.a(_pack_sf.o)
                0x00000ae2                __pack_f
 .text          0x00000c8c       0xf0 e:/embedded_iti/01-embedded systems avr tools/01- imt sdk/imt_sdk_win_64/winavr/bin/../lib/gcc/avr/4.3.3/avr5\libgcc.a(_unpack_sf.o)
                0x00000c8c                __unpack_f
 .text          0x00000d7c       0xb2 e:/embedded_iti/01-embedded systems avr tools/01- imt sdk/imt_sdk_win_64/winavr/bin/../lib/gcc/avr/4.3.3/avr5\libgcc.a(_fpcmp_parts_sf.o)
                0x00000d7c                __fpcmp_parts_f
 .text          0x00000e2e        0x0 e:/embedded_iti/01-embedded systems avr tools/01- imt sdk/imt_sdk_win_64/winavr/bin/../lib/gcc/avr/4.3.3/avr5\libgcc.a(_clz.o)
                0x00000e2e                . = ALIGN (0x2)
 *(.text.*)
 .text.DIO_voidSetPinDirection
                0x00000e2e      0x200 ./DIO_program.o
                0x00000e2e                DIO_voidSetPinDirection
 .text.DIO_voidSetPinValue
                0x0000102e      0x200 ./DIO_program.o
                0x0000102e                DIO_voidSetPinValue
 .text.DIO_voidSetPortDirection
                0x0000122e       0x82 ./DIO_program.o
                0x0000122e                DIO_voidSetPortDirection
 .text.DIO_voidSetAllPortInput
                0x000012b0       0x76 ./DIO_program.o
                0x000012b0                DIO_voidSetAllPortInput
 .text.DIO_voidSetAllPortOutput
                0x00001326       0x7e ./DIO_program.o
                0x00001326                DIO_voidSetAllPortOutput
 .text.DIO_voidSetPortValue
                0x000013a4       0x82 ./DIO_program.o
                0x000013a4                DIO_voidSetPortValue
 .text.DIO_voidSetAllPortLow
                0x00001426       0x76 ./DIO_program.o
                0x00001426                DIO_voidSetAllPortLow
 .text.DIO_voidSetAllPortHigh
                0x0000149c       0x7e ./DIO_program.o
                0x0000149c                DIO_voidSetAllPortHigh
 .text.DIO_u8GetPinValue
                0x0000151a       0xf2 ./DIO_program.o
                0x0000151a                DIO_u8GetPinValue
 .text.DIO_voidTogglePinValue
                0x0000160c       0xfa ./DIO_program.o
                0x0000160c                DIO_voidTogglePinValue
 .text.EXTI_voidInitialize
                0x00001706      0x170 ./EXTI_program.o
                0x00001706                EXTI_voidInitialize
 .text.EXTI0_SetCallBack
                0x00001876       0x24 ./EXTI_program.o
                0x00001876                EXTI0_SetCallBack
 .text.EXTI1_SetCallBack
                0x0000189a       0x24 ./EXTI_program.o
                0x0000189a                EXTI1_SetCallBack
 .text.EXTI2_SetCallBack
                0x000018be       0x24 ./EXTI_program.o
                0x000018be                EXTI2_SetCallBack
 .text.__vector_1
                0x000018e2       0x66 ./EXTI_program.o
                0x000018e2                __vector_1
 .text.__vector_2
                0x00001948       0x66 ./EXTI_program.o
                0x00001948                __vector_2
 .text.__vector_3
                0x000019ae       0x66 ./EXTI_program.o
                0x000019ae                __vector_3
 .text.GIE_voidEnable
                0x00001a14       0x1c ./GIE_program.o
                0x00001a14                GIE_voidEnable
 .text.GIE_voidDisable
                0x00001a30       0x1c ./GIE_program.o
                0x00001a30                GIE_voidDisable
 .text.LCD_voidIntialize
                0x00001a4c      0x308 ./LCD_program.o
                0x00001a4c                LCD_voidIntialize
 .text.LCD_voidWriteCommand
                0x00001d54      0x13c ./LCD_program.o
                0x00001d54                LCD_voidWriteCommand
 .text.LCD_voidWriteData
                0x00001e90      0x13c ./LCD_program.o
                0x00001e90                LCD_voidWriteData
 .text.LCD_voidGoToXY
                0x00001fcc       0x4e ./LCD_program.o
                0x00001fcc                LCD_voidGoToXY
 .text.LCD_voidWriteString
                0x0000201a       0x52 ./LCD_program.o
                0x0000201a                LCD_voidWriteString
 .text.LCD_voidWriteNumber
                0x0000206c       0xea ./LCD_program.o
                0x0000206c                LCD_voidWriteNumber
 .text.LCD_voidWriteSpecialCharacter
                0x00002156       0x76 ./LCD_program.o
                0x00002156                LCD_voidWriteSpecialCharacter
 .text.LCD_voidClearDisplay
                0x000021cc       0x14 ./LCD_program.o
                0x000021cc                LCD_voidClearDisplay
 .text.TIMER0_voidInitialize
                0x000021e0       0x96 ./TIMER0_programe.o
                0x000021e0                TIMER0_voidInitialize
 .text.TIMER0_voidPreLoad
                0x00002276       0x1c ./TIMER0_programe.o
                0x00002276                TIMER0_voidPreLoad
 .text.TIMER0_voidSetOCR0
                0x00002292       0x1c ./TIMER0_programe.o
                0x00002292                TIMER0_voidSetOCR0
 .text.TIMER0_voidSetTimer
                0x000022ae      0x1ea ./TIMER0_programe.o
                0x000022ae                TIMER0_voidSetTimer
 .text.TIMER0_NORMAL_SetCallBack
                0x00002498       0x24 ./TIMER0_programe.o
                0x00002498                TIMER0_NORMAL_SetCallBack
 .text.TIMER0_CTC_SetCallBack
                0x000024bc       0x24 ./TIMER0_programe.o
                0x000024bc                TIMER0_CTC_SetCallBack
 .text.__vector_10
                0x000024e0       0xe8 ./TIMER0_programe.o
                0x000024e0                __vector_10
 .text.__vector_11
                0x000025c8       0xe8 ./TIMER0_programe.o
                0x000025c8                __vector_11
 .text.TIMER1_voidInitialize
                0x000026b0       0xb2 ./TIMER1_program.o
                0x000026b0                TIMER1_voidInitialize
 .text.TIMER1_voidEnableICU
                0x00002762       0x1c ./TIMER1_program.o
                0x00002762                TIMER1_voidEnableICU
 .text.TIMER1_voidICUEdge
                0x0000277e       0x56 ./TIMER1_program.o
                0x0000277e                TIMER1_voidICUEdge
 .text.TIMER1_voidSetOCR1
                0x000027d4       0x24 ./TIMER1_program.o
                0x000027d4                TIMER1_voidSetOCR1
 .text.TIMER1_voidSetICR1
                0x000027f8       0x24 ./TIMER1_program.o
                0x000027f8                TIMER1_voidSetICR1
 .text.TIMER1_u16GetICR1
                0x0000281c       0x16 ./TIMER1_program.o
                0x0000281c                TIMER1_u16GetICR1
 .text.TIMER1_voidPreLoad
                0x00002832       0x24 ./TIMER1_program.o
                0x00002832                TIMER1_voidPreLoad
 .text.TIMER1_voidSetTimer
                0x00002856      0x1ea ./TIMER1_program.o
                0x00002856                TIMER1_voidSetTimer
 .text.TIMER1_ICU_SetCallBack
                0x00002a40       0x24 ./TIMER1_program.o
                0x00002a40                TIMER1_ICU_SetCallBack
 .text.TIMER1_CTCA_SetCallBack
                0x00002a64       0x24 ./TIMER1_program.o
                0x00002a64                TIMER1_CTCA_SetCallBack
 .text.TIMER1_CTCB_SetCallBack
                0x00002a88       0x24 ./TIMER1_program.o
                0x00002a88                TIMER1_CTCB_SetCallBack
 .text.TIMER1_NORMAL_SetCallBack
                0x00002aac       0x24 ./TIMER1_program.o
                0x00002aac                TIMER1_NORMAL_SetCallBack
 .text.__vector_6
                0x00002ad0       0x66 ./TIMER1_program.o
                0x00002ad0                __vector_6
 .text.__vector_7
                0x00002b36       0xe8 ./TIMER1_program.o
                0x00002b36                __vector_7
 .text.__vector_8
                0x00002c1e       0xe8 ./TIMER1_program.o
                0x00002c1e                __vector_8
 .text.__vector_9
                0x00002d06       0xe8 ./TIMER1_program.o
                0x00002d06                __vector_9
 .text.func1    0x00002dee       0xca ./main.o
                0x00002dee                func1
 .text.func2    0x00002eb8       0x18 ./main.o
                0x00002eb8                func2
 .text.main     0x00002ed0      0x12e ./main.o
                0x00002ed0                main
 .text.libgcc   0x00002ffe       0x3e e:/embedded_iti/01-embedded systems avr tools/01- imt sdk/imt_sdk_win_64/winavr/bin/../lib/gcc/avr/4.3.3/avr5\libgcc.a(_mulsi3.o)
                0x00002ffe                __mulsi3
 .text.libgcc   0x0000303c       0x44 e:/embedded_iti/01-embedded systems avr tools/01- imt sdk/imt_sdk_win_64/winavr/bin/../lib/gcc/avr/4.3.3/avr5\libgcc.a(_udivmodsi4.o)
                0x0000303c                __udivmodsi4
 .text.libgcc   0x00003080        0x0 e:/embedded_iti/01-embedded systems avr tools/01- imt sdk/imt_sdk_win_64/winavr/bin/../lib/gcc/avr/4.3.3/avr5\libgcc.a(_exit.o)
 .text.libgcc   0x00003080        0x0 e:/embedded_iti/01-embedded systems avr tools/01- imt sdk/imt_sdk_win_64/winavr/bin/../lib/gcc/avr/4.3.3/avr5\libgcc.a(_copy_data.o)
 .text.libgcc   0x00003080        0x0 e:/embedded_iti/01-embedded systems avr tools/01- imt sdk/imt_sdk_win_64/winavr/bin/../lib/gcc/avr/4.3.3/avr5\libgcc.a(_clear_bss.o)
 .text.libgcc   0x00003080       0x38 e:/embedded_iti/01-embedded systems avr tools/01- imt sdk/imt_sdk_win_64/winavr/bin/../lib/gcc/avr/4.3.3/avr5\libgcc.a(_prologue.o)
                0x00003080                __prologue_saves__
 .text.libgcc   0x000030b8       0x36 e:/embedded_iti/01-embedded systems avr tools/01- imt sdk/imt_sdk_win_64/winavr/bin/../lib/gcc/avr/4.3.3/avr5\libgcc.a(_epilogue.o)
                0x000030b8                __epilogue_restores__
                0x000030ee                . = ALIGN (0x2)
 *(.fini9)
 .fini9         0x000030ee        0x0 e:/embedded_iti/01-embedded systems avr tools/01- imt sdk/imt_sdk_win_64/winavr/bin/../lib/gcc/avr/4.3.3/avr5\libgcc.a(_exit.o)
                0x000030ee                exit
                0x000030ee                _exit
 *(.fini9)
 *(.fini8)
 *(.fini8)
 *(.fini7)
 *(.fini7)
 *(.fini6)
 *(.fini6)
 *(.fini5)
 *(.fini5)
 *(.fini4)
 *(.fini4)
 *(.fini3)
 *(.fini3)
 *(.fini2)
 *(.fini2)
 *(.fini1)
 *(.fini1)
 *(.fini0)
 .fini0         0x000030ee        0x4 e:/embedded_iti/01-embedded systems avr tools/01- imt sdk/imt_sdk_win_64/winavr/bin/../lib/gcc/avr/4.3.3/avr5\libgcc.a(_exit.o)
 *(.fini0)
                0x000030f2                _etext = .

.data           0x00800060      0x120 load address 0x000030f2
                0x00800060                PROVIDE (__data_start, .)
 *(.data)
 .data          0x00800060        0x0 e:/embedded_iti/01-embedded systems avr tools/01- imt sdk/imt_sdk_win_64/winavr/bin/../lib/gcc/avr/4.3.3/../../../../avr/lib/avr5/crtm32.o
 .data          0x00800060        0x0 ./DIO_program.o
 .data          0x00800060        0x0 ./EXTI_program.o
 .data          0x00800060        0x0 ./GIE_program.o
 .data          0x00800060        0x0 ./LCD_program.o
 .data          0x00800060        0x0 ./TIMER0_programe.o
 .data          0x00800060        0x0 ./TIMER1_program.o
 .data          0x00800060       0x17 ./main.o
 .data          0x00800077        0x0 e:/embedded_iti/01-embedded systems avr tools/01- imt sdk/imt_sdk_win_64/winavr/bin/../lib/gcc/avr/4.3.3/avr5\libgcc.a(_mulsi3.o)
 .data          0x00800077        0x0 e:/embedded_iti/01-embedded systems avr tools/01- imt sdk/imt_sdk_win_64/winavr/bin/../lib/gcc/avr/4.3.3/avr5\libgcc.a(_udivmodsi4.o)
 .data          0x00800077        0x0 e:/embedded_iti/01-embedded systems avr tools/01- imt sdk/imt_sdk_win_64/winavr/bin/../lib/gcc/avr/4.3.3/avr5\libgcc.a(_exit.o)
 .data          0x00800077        0x0 e:/embedded_iti/01-embedded systems avr tools/01- imt sdk/imt_sdk_win_64/winavr/bin/../lib/gcc/avr/4.3.3/avr5\libgcc.a(_copy_data.o)
 .data          0x00800077        0x0 e:/embedded_iti/01-embedded systems avr tools/01- imt sdk/imt_sdk_win_64/winavr/bin/../lib/gcc/avr/4.3.3/avr5\libgcc.a(_clear_bss.o)
 .data          0x00800077        0x0 e:/embedded_iti/01-embedded systems avr tools/01- imt sdk/imt_sdk_win_64/winavr/bin/../lib/gcc/avr/4.3.3/avr5\libgcc.a(_fixunssfsi.o)
 .data          0x00800077        0x0 e:/embedded_iti/01-embedded systems avr tools/01- imt sdk/imt_sdk_win_64/winavr/bin/../lib/gcc/avr/4.3.3/avr5\libgcc.a(_addsub_sf.o)
 .data          0x00800077        0x0 e:/embedded_iti/01-embedded systems avr tools/01- imt sdk/imt_sdk_win_64/winavr/bin/../lib/gcc/avr/4.3.3/avr5\libgcc.a(_mul_sf.o)
 .data          0x00800077        0x0 e:/embedded_iti/01-embedded systems avr tools/01- imt sdk/imt_sdk_win_64/winavr/bin/../lib/gcc/avr/4.3.3/avr5\libgcc.a(_div_sf.o)
 .data          0x00800077        0x0 e:/embedded_iti/01-embedded systems avr tools/01- imt sdk/imt_sdk_win_64/winavr/bin/../lib/gcc/avr/4.3.3/avr5\libgcc.a(_gt_sf.o)
 .data          0x00800077        0x0 e:/embedded_iti/01-embedded systems avr tools/01- imt sdk/imt_sdk_win_64/winavr/bin/../lib/gcc/avr/4.3.3/avr5\libgcc.a(_ge_sf.o)
 .data          0x00800077        0x0 e:/embedded_iti/01-embedded systems avr tools/01- imt sdk/imt_sdk_win_64/winavr/bin/../lib/gcc/avr/4.3.3/avr5\libgcc.a(_lt_sf.o)
 .data          0x00800077        0x0 e:/embedded_iti/01-embedded systems avr tools/01- imt sdk/imt_sdk_win_64/winavr/bin/../lib/gcc/avr/4.3.3/avr5\libgcc.a(_sf_to_si.o)
 .data          0x00800077        0x8 e:/embedded_iti/01-embedded systems avr tools/01- imt sdk/imt_sdk_win_64/winavr/bin/../lib/gcc/avr/4.3.3/avr5\libgcc.a(_thenan_sf.o)
                0x00800077                __thenan_sf
 .data          0x0080007f        0x0 e:/embedded_iti/01-embedded systems avr tools/01- imt sdk/imt_sdk_win_64/winavr/bin/../lib/gcc/avr/4.3.3/avr5\libgcc.a(_usi_to_sf.o)
 .data          0x0080007f        0x0 e:/embedded_iti/01-embedded systems avr tools/01- imt sdk/imt_sdk_win_64/winavr/bin/../lib/gcc/avr/4.3.3/avr5\libgcc.a(_prologue.o)
 .data          0x0080007f        0x0 e:/embedded_iti/01-embedded systems avr tools/01- imt sdk/imt_sdk_win_64/winavr/bin/../lib/gcc/avr/4.3.3/avr5\libgcc.a(_epilogue.o)
 .data          0x0080007f        0x0 e:/embedded_iti/01-embedded systems avr tools/01- imt sdk/imt_sdk_win_64/winavr/bin/../lib/gcc/avr/4.3.3/avr5\libgcc.a(_clzsi2.o)
 .data          0x0080007f        0x0 e:/embedded_iti/01-embedded systems avr tools/01- imt sdk/imt_sdk_win_64/winavr/bin/../lib/gcc/avr/4.3.3/avr5\libgcc.a(_pack_sf.o)
 .data          0x0080007f        0x0 e:/embedded_iti/01-embedded systems avr tools/01- imt sdk/imt_sdk_win_64/winavr/bin/../lib/gcc/avr/4.3.3/avr5\libgcc.a(_unpack_sf.o)
 .data          0x0080007f        0x0 e:/embedded_iti/01-embedded systems avr tools/01- imt sdk/imt_sdk_win_64/winavr/bin/../lib/gcc/avr/4.3.3/avr5\libgcc.a(_fpcmp_parts_sf.o)
 .data          0x0080007f      0x100 e:/embedded_iti/01-embedded systems avr tools/01- imt sdk/imt_sdk_win_64/winavr/bin/../lib/gcc/avr/4.3.3/avr5\libgcc.a(_clz.o)
                0x0080007f                __clz_tab
 *(.data*)
 *(.rodata)
 *(.rodata*)
 *(.gnu.linkonce.d*)
                0x00800180                . = ALIGN (0x2)
 *fill*         0x0080017f        0x1 00
                0x00800180                _edata = .
                0x00800180                PROVIDE (__data_end, .)

.bss            0x00800180       0x3c
                0x00800180                PROVIDE (__bss_start, .)
 *(.bss)
 .bss           0x00800180        0x0 e:/embedded_iti/01-embedded systems avr tools/01- imt sdk/imt_sdk_win_64/winavr/bin/../lib/gcc/avr/4.3.3/../../../../avr/lib/avr5/crtm32.o
 .bss           0x00800180        0x0 ./DIO_program.o
 .bss           0x00800180        0x0 ./EXTI_program.o
 .bss           0x00800180        0x0 ./GIE_program.o
 .bss           0x00800180        0x0 ./LCD_program.o
 .bss           0x00800180        0x0 ./TIMER0_programe.o
 .bss           0x00800180        0x0 ./TIMER1_program.o
 .bss           0x00800180        0x0 ./main.o
 .bss           0x00800180        0x0 e:/embedded_iti/01-embedded systems avr tools/01- imt sdk/imt_sdk_win_64/winavr/bin/../lib/gcc/avr/4.3.3/avr5\libgcc.a(_mulsi3.o)
 .bss           0x00800180        0x0 e:/embedded_iti/01-embedded systems avr tools/01- imt sdk/imt_sdk_win_64/winavr/bin/../lib/gcc/avr/4.3.3/avr5\libgcc.a(_udivmodsi4.o)
 .bss           0x00800180        0x0 e:/embedded_iti/01-embedded systems avr tools/01- imt sdk/imt_sdk_win_64/winavr/bin/../lib/gcc/avr/4.3.3/avr5\libgcc.a(_exit.o)
 .bss           0x00800180        0x0 e:/embedded_iti/01-embedded systems avr tools/01- imt sdk/imt_sdk_win_64/winavr/bin/../lib/gcc/avr/4.3.3/avr5\libgcc.a(_copy_data.o)
 .bss           0x00800180        0x0 e:/embedded_iti/01-embedded systems avr tools/01- imt sdk/imt_sdk_win_64/winavr/bin/../lib/gcc/avr/4.3.3/avr5\libgcc.a(_clear_bss.o)
 .bss           0x00800180        0x0 e:/embedded_iti/01-embedded systems avr tools/01- imt sdk/imt_sdk_win_64/winavr/bin/../lib/gcc/avr/4.3.3/avr5\libgcc.a(_fixunssfsi.o)
 .bss           0x00800180        0x0 e:/embedded_iti/01-embedded systems avr tools/01- imt sdk/imt_sdk_win_64/winavr/bin/../lib/gcc/avr/4.3.3/avr5\libgcc.a(_addsub_sf.o)
 .bss           0x00800180        0x0 e:/embedded_iti/01-embedded systems avr tools/01- imt sdk/imt_sdk_win_64/winavr/bin/../lib/gcc/avr/4.3.3/avr5\libgcc.a(_mul_sf.o)
 .bss           0x00800180        0x0 e:/embedded_iti/01-embedded systems avr tools/01- imt sdk/imt_sdk_win_64/winavr/bin/../lib/gcc/avr/4.3.3/avr5\libgcc.a(_div_sf.o)
 .bss           0x00800180        0x0 e:/embedded_iti/01-embedded systems avr tools/01- imt sdk/imt_sdk_win_64/winavr/bin/../lib/gcc/avr/4.3.3/avr5\libgcc.a(_gt_sf.o)
 .bss           0x00800180        0x0 e:/embedded_iti/01-embedded systems avr tools/01- imt sdk/imt_sdk_win_64/winavr/bin/../lib/gcc/avr/4.3.3/avr5\libgcc.a(_ge_sf.o)
 .bss           0x00800180        0x0 e:/embedded_iti/01-embedded systems avr tools/01- imt sdk/imt_sdk_win_64/winavr/bin/../lib/gcc/avr/4.3.3/avr5\libgcc.a(_lt_sf.o)
 .bss           0x00800180        0x0 e:/embedded_iti/01-embedded systems avr tools/01- imt sdk/imt_sdk_win_64/winavr/bin/../lib/gcc/avr/4.3.3/avr5\libgcc.a(_sf_to_si.o)
 .bss           0x00800180        0x0 e:/embedded_iti/01-embedded systems avr tools/01- imt sdk/imt_sdk_win_64/winavr/bin/../lib/gcc/avr/4.3.3/avr5\libgcc.a(_thenan_sf.o)
 .bss           0x00800180        0x0 e:/embedded_iti/01-embedded systems avr tools/01- imt sdk/imt_sdk_win_64/winavr/bin/../lib/gcc/avr/4.3.3/avr5\libgcc.a(_usi_to_sf.o)
 .bss           0x00800180        0x0 e:/embedded_iti/01-embedded systems avr tools/01- imt sdk/imt_sdk_win_64/winavr/bin/../lib/gcc/avr/4.3.3/avr5\libgcc.a(_prologue.o)
 .bss           0x00800180        0x0 e:/embedded_iti/01-embedded systems avr tools/01- imt sdk/imt_sdk_win_64/winavr/bin/../lib/gcc/avr/4.3.3/avr5\libgcc.a(_epilogue.o)
 .bss           0x00800180        0x0 e:/embedded_iti/01-embedded systems avr tools/01- imt sdk/imt_sdk_win_64/winavr/bin/../lib/gcc/avr/4.3.3/avr5\libgcc.a(_clzsi2.o)
 .bss           0x00800180        0x0 e:/embedded_iti/01-embedded systems avr tools/01- imt sdk/imt_sdk_win_64/winavr/bin/../lib/gcc/avr/4.3.3/avr5\libgcc.a(_pack_sf.o)
 .bss           0x00800180        0x0 e:/embedded_iti/01-embedded systems avr tools/01- imt sdk/imt_sdk_win_64/winavr/bin/../lib/gcc/avr/4.3.3/avr5\libgcc.a(_unpack_sf.o)
 .bss           0x00800180        0x0 e:/embedded_iti/01-embedded systems avr tools/01- imt sdk/imt_sdk_win_64/winavr/bin/../lib/gcc/avr/4.3.3/avr5\libgcc.a(_fpcmp_parts_sf.o)
 .bss           0x00800180        0x0 e:/embedded_iti/01-embedded systems avr tools/01- imt sdk/imt_sdk_win_64/winavr/bin/../lib/gcc/avr/4.3.3/avr5\libgcc.a(_clz.o)
 *(.bss*)
 .bss.EXTI0_GPfun
                0x00800180        0x2 ./EXTI_program.o
                0x00800180                EXTI0_GPfun
 .bss.EXTI1_GPfun
                0x00800182        0x2 ./EXTI_program.o
                0x00800182                EXTI1_GPfun
 .bss.EXTI2_GPfun
                0x00800184        0x2 ./EXTI_program.o
                0x00800184                EXTI2_GPfun
 .bss.TIMER0_NORMAL_GPfun
                0x00800186        0x2 ./TIMER0_programe.o
                0x00800186                TIMER0_NORMAL_GPfun
 .bss.TIMER0_CTC_GPfun
                0x00800188        0x2 ./TIMER0_programe.o
                0x00800188                TIMER0_CTC_GPfun
 .bss.counter.1320
                0x0080018a        0x4 ./TIMER0_programe.o
 .bss.counter.1338
                0x0080018e        0x4 ./TIMER0_programe.o
 .bss.TIMER1_NORMAL_GPfun
                0x00800192        0x2 ./TIMER1_program.o
                0x00800192                TIMER1_NORMAL_GPfun
 .bss.TIMER1_CTCA_GPfun
                0x00800194        0x2 ./TIMER1_program.o
                0x00800194                TIMER1_CTCA_GPfun
 .bss.TIMER1_CTCB_GPfun
                0x00800196        0x2 ./TIMER1_program.o
                0x00800196                TIMER1_CTCB_GPfun
 .bss.TIMER1_ICU_GPfun
                0x00800198        0x2 ./TIMER1_program.o
                0x00800198                TIMER1_ICU_GPfun
 .bss.counter.1388
                0x0080019a        0x4 ./TIMER1_program.o
 .bss.counter.1406
                0x0080019e        0x4 ./TIMER1_program.o
 .bss.counter.1424
                0x008001a2        0x4 ./TIMER1_program.o
 .bss.flag      0x008001a6        0x1 ./main.o
 .bss.counter   0x008001a7        0x1 ./main.o
 .bss.Ton       0x008001a8        0x4 ./main.o
 .bss.Toff      0x008001ac        0x4 ./main.o
 *(COMMON)
 COMMON         0x008001b0        0xc ./TIMER0_programe.o
                0x008001b0                TIMER
                0x008001b4                PreScaler
                0x008001b8                PreLoad
                0x008001bc                PROVIDE (__bss_end, .)
                0x000030f2                __data_load_start = LOADADDR (.data)
                0x00003212                __data_load_end = (__data_load_start + SIZEOF (.data))

.noinit         0x008001bc        0x0
                0x008001bc                PROVIDE (__noinit_start, .)
 *(.noinit*)
                0x008001bc                PROVIDE (__noinit_end, .)
                0x008001bc                _end = .
                0x008001bc                PROVIDE (__heap_start, .)

.eeprom         0x00810000        0x0
 *(.eeprom*)
                0x00810000                __eeprom_end = .

.fuse
 *(.fuse)
 *(.lfuse)
 *(.hfuse)
 *(.efuse)

.lock
 *(.lock*)

.signature
 *(.signature*)

.stab           0x00000000     0x24d8
 *(.stab)
 .stab          0x00000000      0x6cc ./DIO_program.o
 .stab          0x000006cc      0x378 ./EXTI_program.o
                                0x3f0 (size before relaxing)
 .stab          0x00000a44      0x144 ./GIE_program.o
                                0x1bc (size before relaxing)
 .stab          0x00000b88      0xa50 ./LCD_program.o
                                0xac8 (size before relaxing)
 .stab          0x000015d8      0x4bc ./TIMER0_programe.o
                                0x534 (size before relaxing)
 .stab          0x00001a94      0x72c ./TIMER1_program.o
                                0x7a4 (size before relaxing)
 .stab          0x000021c0      0x318 ./main.o
                                0x390 (size before relaxing)

.stabstr        0x00000000     0x11bc
 *(.stabstr)
 .stabstr       0x00000000     0x11bc ./DIO_program.o

.stab.excl
 *(.stab.excl)

.stab.exclstr
 *(.stab.exclstr)

.stab.index
 *(.stab.index)

.stab.indexstr
 *(.stab.indexstr)

.comment
 *(.comment)

.debug
 *(.debug)

.line
 *(.line)

.debug_srcinfo
 *(.debug_srcinfo)

.debug_sfnames
 *(.debug_sfnames)

.debug_aranges  0x00000000      0x1a0
 *(.debug_aranges)
 .debug_aranges
                0x00000000       0x20 e:/embedded_iti/01-embedded systems avr tools/01- imt sdk/imt_sdk_win_64/winavr/bin/../lib/gcc/avr/4.3.3/avr5\libgcc.a(_fixunssfsi.o)
 .debug_aranges
                0x00000020       0x20 e:/embedded_iti/01-embedded systems avr tools/01- imt sdk/imt_sdk_win_64/winavr/bin/../lib/gcc/avr/4.3.3/avr5\libgcc.a(_addsub_sf.o)
 .debug_aranges
                0x00000040       0x20 e:/embedded_iti/01-embedded systems avr tools/01- imt sdk/imt_sdk_win_64/winavr/bin/../lib/gcc/avr/4.3.3/avr5\libgcc.a(_mul_sf.o)
 .debug_aranges
                0x00000060       0x20 e:/embedded_iti/01-embedded systems avr tools/01- imt sdk/imt_sdk_win_64/winavr/bin/../lib/gcc/avr/4.3.3/avr5\libgcc.a(_div_sf.o)
 .debug_aranges
                0x00000080       0x20 e:/embedded_iti/01-embedded systems avr tools/01- imt sdk/imt_sdk_win_64/winavr/bin/../lib/gcc/avr/4.3.3/avr5\libgcc.a(_gt_sf.o)
 .debug_aranges
                0x000000a0       0x20 e:/embedded_iti/01-embedded systems avr tools/01- imt sdk/imt_sdk_win_64/winavr/bin/../lib/gcc/avr/4.3.3/avr5\libgcc.a(_ge_sf.o)
 .debug_aranges
                0x000000c0       0x20 e:/embedded_iti/01-embedded systems avr tools/01- imt sdk/imt_sdk_win_64/winavr/bin/../lib/gcc/avr/4.3.3/avr5\libgcc.a(_lt_sf.o)
 .debug_aranges
                0x000000e0       0x20 e:/embedded_iti/01-embedded systems avr tools/01- imt sdk/imt_sdk_win_64/winavr/bin/../lib/gcc/avr/4.3.3/avr5\libgcc.a(_sf_to_si.o)
 .debug_aranges
                0x00000100       0x20 e:/embedded_iti/01-embedded systems avr tools/01- imt sdk/imt_sdk_win_64/winavr/bin/../lib/gcc/avr/4.3.3/avr5\libgcc.a(_usi_to_sf.o)
 .debug_aranges
                0x00000120       0x20 e:/embedded_iti/01-embedded systems avr tools/01- imt sdk/imt_sdk_win_64/winavr/bin/../lib/gcc/avr/4.3.3/avr5\libgcc.a(_clzsi2.o)
 .debug_aranges
                0x00000140       0x20 e:/embedded_iti/01-embedded systems avr tools/01- imt sdk/imt_sdk_win_64/winavr/bin/../lib/gcc/avr/4.3.3/avr5\libgcc.a(_pack_sf.o)
 .debug_aranges
                0x00000160       0x20 e:/embedded_iti/01-embedded systems avr tools/01- imt sdk/imt_sdk_win_64/winavr/bin/../lib/gcc/avr/4.3.3/avr5\libgcc.a(_unpack_sf.o)
 .debug_aranges
                0x00000180       0x20 e:/embedded_iti/01-embedded systems avr tools/01- imt sdk/imt_sdk_win_64/winavr/bin/../lib/gcc/avr/4.3.3/avr5\libgcc.a(_fpcmp_parts_sf.o)

.debug_pubnames
                0x00000000      0x1f2
 *(.debug_pubnames)
 .debug_pubnames
                0x00000000       0x23 e:/embedded_iti/01-embedded systems avr tools/01- imt sdk/imt_sdk_win_64/winavr/bin/../lib/gcc/avr/4.3.3/avr5\libgcc.a(_fixunssfsi.o)
 .debug_pubnames
                0x00000023       0x2c e:/embedded_iti/01-embedded systems avr tools/01- imt sdk/imt_sdk_win_64/winavr/bin/../lib/gcc/avr/4.3.3/avr5\libgcc.a(_addsub_sf.o)
 .debug_pubnames
                0x0000004f       0x1f e:/embedded_iti/01-embedded systems avr tools/01- imt sdk/imt_sdk_win_64/winavr/bin/../lib/gcc/avr/4.3.3/avr5\libgcc.a(_mul_sf.o)
 .debug_pubnames
                0x0000006e       0x1f e:/embedded_iti/01-embedded systems avr tools/01- imt sdk/imt_sdk_win_64/winavr/bin/../lib/gcc/avr/4.3.3/avr5\libgcc.a(_div_sf.o)
 .debug_pubnames
                0x0000008d       0x1e e:/embedded_iti/01-embedded systems avr tools/01- imt sdk/imt_sdk_win_64/winavr/bin/../lib/gcc/avr/4.3.3/avr5\libgcc.a(_gt_sf.o)
 .debug_pubnames
                0x000000ab       0x1e e:/embedded_iti/01-embedded systems avr tools/01- imt sdk/imt_sdk_win_64/winavr/bin/../lib/gcc/avr/4.3.3/avr5\libgcc.a(_ge_sf.o)
 .debug_pubnames
                0x000000c9       0x1e e:/embedded_iti/01-embedded systems avr tools/01- imt sdk/imt_sdk_win_64/winavr/bin/../lib/gcc/avr/4.3.3/avr5\libgcc.a(_lt_sf.o)
 .debug_pubnames
                0x000000e7       0x20 e:/embedded_iti/01-embedded systems avr tools/01- imt sdk/imt_sdk_win_64/winavr/bin/../lib/gcc/avr/4.3.3/avr5\libgcc.a(_sf_to_si.o)
 .debug_pubnames
                0x00000107       0x22 e:/embedded_iti/01-embedded systems avr tools/01- imt sdk/imt_sdk_win_64/winavr/bin/../lib/gcc/avr/4.3.3/avr5\libgcc.a(_thenan_sf.o)
 .debug_pubnames
                0x00000129       0x24 e:/embedded_iti/01-embedded systems avr tools/01- imt sdk/imt_sdk_win_64/winavr/bin/../lib/gcc/avr/4.3.3/avr5\libgcc.a(_usi_to_sf.o)
 .debug_pubnames
                0x0000014d       0x1f e:/embedded_iti/01-embedded systems avr tools/01- imt sdk/imt_sdk_win_64/winavr/bin/../lib/gcc/avr/4.3.3/avr5\libgcc.a(_clzsi2.o)
 .debug_pubnames
                0x0000016c       0x1f e:/embedded_iti/01-embedded systems avr tools/01- imt sdk/imt_sdk_win_64/winavr/bin/../lib/gcc/avr/4.3.3/avr5\libgcc.a(_pack_sf.o)
 .debug_pubnames
                0x0000018b       0x21 e:/embedded_iti/01-embedded systems avr tools/01- imt sdk/imt_sdk_win_64/winavr/bin/../lib/gcc/avr/4.3.3/avr5\libgcc.a(_unpack_sf.o)
 .debug_pubnames
                0x000001ac       0x26 e:/embedded_iti/01-embedded systems avr tools/01- imt sdk/imt_sdk_win_64/winavr/bin/../lib/gcc/avr/4.3.3/avr5\libgcc.a(_fpcmp_parts_sf.o)
 .debug_pubnames
                0x000001d2       0x20 e:/embedded_iti/01-embedded systems avr tools/01- imt sdk/imt_sdk_win_64/winavr/bin/../lib/gcc/avr/4.3.3/avr5\libgcc.a(_clz.o)

.debug_info     0x00000000     0x240b
 *(.debug_info)
 .debug_info    0x00000000       0xb1 e:/embedded_iti/01-embedded systems avr tools/01- imt sdk/imt_sdk_win_64/winavr/bin/../lib/gcc/avr/4.3.3/avr5\libgcc.a(_fixunssfsi.o)
 .debug_info    0x000000b1      0x47a e:/embedded_iti/01-embedded systems avr tools/01- imt sdk/imt_sdk_win_64/winavr/bin/../lib/gcc/avr/4.3.3/avr5\libgcc.a(_addsub_sf.o)
 .debug_info    0x0000052b      0x485 e:/embedded_iti/01-embedded systems avr tools/01- imt sdk/imt_sdk_win_64/winavr/bin/../lib/gcc/avr/4.3.3/avr5\libgcc.a(_mul_sf.o)
 .debug_info    0x000009b0      0x3fc e:/embedded_iti/01-embedded systems avr tools/01- imt sdk/imt_sdk_win_64/winavr/bin/../lib/gcc/avr/4.3.3/avr5\libgcc.a(_div_sf.o)
 .debug_info    0x00000dac      0x27f e:/embedded_iti/01-embedded systems avr tools/01- imt sdk/imt_sdk_win_64/winavr/bin/../lib/gcc/avr/4.3.3/avr5\libgcc.a(_gt_sf.o)
 .debug_info    0x0000102b      0x27f e:/embedded_iti/01-embedded systems avr tools/01- imt sdk/imt_sdk_win_64/winavr/bin/../lib/gcc/avr/4.3.3/avr5\libgcc.a(_ge_sf.o)
 .debug_info    0x000012aa      0x27f e:/embedded_iti/01-embedded systems avr tools/01- imt sdk/imt_sdk_win_64/winavr/bin/../lib/gcc/avr/4.3.3/avr5\libgcc.a(_lt_sf.o)
 .debug_info    0x00001529      0x2b0 e:/embedded_iti/01-embedded systems avr tools/01- imt sdk/imt_sdk_win_64/winavr/bin/../lib/gcc/avr/4.3.3/avr5\libgcc.a(_sf_to_si.o)
 .debug_info    0x000017d9      0x12c e:/embedded_iti/01-embedded systems avr tools/01- imt sdk/imt_sdk_win_64/winavr/bin/../lib/gcc/avr/4.3.3/avr5\libgcc.a(_thenan_sf.o)
 .debug_info    0x00001905      0x206 e:/embedded_iti/01-embedded systems avr tools/01- imt sdk/imt_sdk_win_64/winavr/bin/../lib/gcc/avr/4.3.3/avr5\libgcc.a(_usi_to_sf.o)
 .debug_info    0x00001b0b      0x117 e:/embedded_iti/01-embedded systems avr tools/01- imt sdk/imt_sdk_win_64/winavr/bin/../lib/gcc/avr/4.3.3/avr5\libgcc.a(_clzsi2.o)
 .debug_info    0x00001c22      0x2df e:/embedded_iti/01-embedded systems avr tools/01- imt sdk/imt_sdk_win_64/winavr/bin/../lib/gcc/avr/4.3.3/avr5\libgcc.a(_pack_sf.o)
 .debug_info    0x00001f01      0x251 e:/embedded_iti/01-embedded systems avr tools/01- imt sdk/imt_sdk_win_64/winavr/bin/../lib/gcc/avr/4.3.3/avr5\libgcc.a(_unpack_sf.o)
 .debug_info    0x00002152      0x210 e:/embedded_iti/01-embedded systems avr tools/01- imt sdk/imt_sdk_win_64/winavr/bin/../lib/gcc/avr/4.3.3/avr5\libgcc.a(_fpcmp_parts_sf.o)
 .debug_info    0x00002362       0xa9 e:/embedded_iti/01-embedded systems avr tools/01- imt sdk/imt_sdk_win_64/winavr/bin/../lib/gcc/avr/4.3.3/avr5\libgcc.a(_clz.o)
 *(.gnu.linkonce.wi.*)

.debug_abbrev   0x00000000     0x1386
 *(.debug_abbrev)
 .debug_abbrev  0x00000000       0x5d e:/embedded_iti/01-embedded systems avr tools/01- imt sdk/imt_sdk_win_64/winavr/bin/../lib/gcc/avr/4.3.3/avr5\libgcc.a(_fixunssfsi.o)
 .debug_abbrev  0x0000005d      0x1ea e:/embedded_iti/01-embedded systems avr tools/01- imt sdk/imt_sdk_win_64/winavr/bin/../lib/gcc/avr/4.3.3/avr5\libgcc.a(_addsub_sf.o)
 .debug_abbrev  0x00000247      0x21b e:/embedded_iti/01-embedded systems avr tools/01- imt sdk/imt_sdk_win_64/winavr/bin/../lib/gcc/avr/4.3.3/avr5\libgcc.a(_mul_sf.o)
 .debug_abbrev  0x00000462      0x216 e:/embedded_iti/01-embedded systems avr tools/01- imt sdk/imt_sdk_win_64/winavr/bin/../lib/gcc/avr/4.3.3/avr5\libgcc.a(_div_sf.o)
 .debug_abbrev  0x00000678      0x15a e:/embedded_iti/01-embedded systems avr tools/01- imt sdk/imt_sdk_win_64/winavr/bin/../lib/gcc/avr/4.3.3/avr5\libgcc.a(_gt_sf.o)
 .debug_abbrev  0x000007d2      0x15a e:/embedded_iti/01-embedded systems avr tools/01- imt sdk/imt_sdk_win_64/winavr/bin/../lib/gcc/avr/4.3.3/avr5\libgcc.a(_ge_sf.o)
 .debug_abbrev  0x0000092c      0x15a e:/embedded_iti/01-embedded systems avr tools/01- imt sdk/imt_sdk_win_64/winavr/bin/../lib/gcc/avr/4.3.3/avr5\libgcc.a(_lt_sf.o)
 .debug_abbrev  0x00000a86      0x17f e:/embedded_iti/01-embedded systems avr tools/01- imt sdk/imt_sdk_win_64/winavr/bin/../lib/gcc/avr/4.3.3/avr5\libgcc.a(_sf_to_si.o)
 .debug_abbrev  0x00000c05       0xad e:/embedded_iti/01-embedded systems avr tools/01- imt sdk/imt_sdk_win_64/winavr/bin/../lib/gcc/avr/4.3.3/avr5\libgcc.a(_thenan_sf.o)
 .debug_abbrev  0x00000cb2      0x157 e:/embedded_iti/01-embedded systems avr tools/01- imt sdk/imt_sdk_win_64/winavr/bin/../lib/gcc/avr/4.3.3/avr5\libgcc.a(_usi_to_sf.o)
 .debug_abbrev  0x00000e09       0xc4 e:/embedded_iti/01-embedded systems avr tools/01- imt sdk/imt_sdk_win_64/winavr/bin/../lib/gcc/avr/4.3.3/avr5\libgcc.a(_clzsi2.o)
 .debug_abbrev  0x00000ecd      0x1c0 e:/embedded_iti/01-embedded systems avr tools/01- imt sdk/imt_sdk_win_64/winavr/bin/../lib/gcc/avr/4.3.3/avr5\libgcc.a(_pack_sf.o)
 .debug_abbrev  0x0000108d      0x154 e:/embedded_iti/01-embedded systems avr tools/01- imt sdk/imt_sdk_win_64/winavr/bin/../lib/gcc/avr/4.3.3/avr5\libgcc.a(_unpack_sf.o)
 .debug_abbrev  0x000011e1      0x13b e:/embedded_iti/01-embedded systems avr tools/01- imt sdk/imt_sdk_win_64/winavr/bin/../lib/gcc/avr/4.3.3/avr5\libgcc.a(_fpcmp_parts_sf.o)
 .debug_abbrev  0x0000131c       0x6a e:/embedded_iti/01-embedded systems avr tools/01- imt sdk/imt_sdk_win_64/winavr/bin/../lib/gcc/avr/4.3.3/avr5\libgcc.a(_clz.o)

.debug_line     0x00000000     0x11d6
 *(.debug_line)
 .debug_line    0x00000000       0xa7 e:/embedded_iti/01-embedded systems avr tools/01- imt sdk/imt_sdk_win_64/winavr/bin/../lib/gcc/avr/4.3.3/avr5\libgcc.a(_fixunssfsi.o)
 .debug_line    0x000000a7      0x2af e:/embedded_iti/01-embedded systems avr tools/01- imt sdk/imt_sdk_win_64/winavr/bin/../lib/gcc/avr/4.3.3/avr5\libgcc.a(_addsub_sf.o)
 .debug_line    0x00000356      0x239 e:/embedded_iti/01-embedded systems avr tools/01- imt sdk/imt_sdk_win_64/winavr/bin/../lib/gcc/avr/4.3.3/avr5\libgcc.a(_mul_sf.o)
 .debug_line    0x0000058f      0x1d5 e:/embedded_iti/01-embedded systems avr tools/01- imt sdk/imt_sdk_win_64/winavr/bin/../lib/gcc/avr/4.3.3/avr5\libgcc.a(_div_sf.o)
 .debug_line    0x00000764       0xd3 e:/embedded_iti/01-embedded systems avr tools/01- imt sdk/imt_sdk_win_64/winavr/bin/../lib/gcc/avr/4.3.3/avr5\libgcc.a(_gt_sf.o)
 .debug_line    0x00000837       0xd3 e:/embedded_iti/01-embedded systems avr tools/01- imt sdk/imt_sdk_win_64/winavr/bin/../lib/gcc/avr/4.3.3/avr5\libgcc.a(_ge_sf.o)
 .debug_line    0x0000090a       0xd3 e:/embedded_iti/01-embedded systems avr tools/01- imt sdk/imt_sdk_win_64/winavr/bin/../lib/gcc/avr/4.3.3/avr5\libgcc.a(_lt_sf.o)
 .debug_line    0x000009dd      0x109 e:/embedded_iti/01-embedded systems avr tools/01- imt sdk/imt_sdk_win_64/winavr/bin/../lib/gcc/avr/4.3.3/avr5\libgcc.a(_sf_to_si.o)
 .debug_line    0x00000ae6       0x90 e:/embedded_iti/01-embedded systems avr tools/01- imt sdk/imt_sdk_win_64/winavr/bin/../lib/gcc/avr/4.3.3/avr5\libgcc.a(_thenan_sf.o)
 .debug_line    0x00000b76      0x133 e:/embedded_iti/01-embedded systems avr tools/01- imt sdk/imt_sdk_win_64/winavr/bin/../lib/gcc/avr/4.3.3/avr5\libgcc.a(_usi_to_sf.o)
 .debug_line    0x00000ca9       0xa5 e:/embedded_iti/01-embedded systems avr tools/01- imt sdk/imt_sdk_win_64/winavr/bin/../lib/gcc/avr/4.3.3/avr5\libgcc.a(_clzsi2.o)
 .debug_line    0x00000d4e      0x18a e:/embedded_iti/01-embedded systems avr tools/01- imt sdk/imt_sdk_win_64/winavr/bin/../lib/gcc/avr/4.3.3/avr5\libgcc.a(_pack_sf.o)
 .debug_line    0x00000ed8      0x14b e:/embedded_iti/01-embedded systems avr tools/01- imt sdk/imt_sdk_win_64/winavr/bin/../lib/gcc/avr/4.3.3/avr5\libgcc.a(_unpack_sf.o)
 .debug_line    0x00001023      0x137 e:/embedded_iti/01-embedded systems avr tools/01- imt sdk/imt_sdk_win_64/winavr/bin/../lib/gcc/avr/4.3.3/avr5\libgcc.a(_fpcmp_parts_sf.o)
 .debug_line    0x0000115a       0x7c e:/embedded_iti/01-embedded systems avr tools/01- imt sdk/imt_sdk_win_64/winavr/bin/../lib/gcc/avr/4.3.3/avr5\libgcc.a(_clz.o)

.debug_frame    0x00000000      0x1c0
 *(.debug_frame)
 .debug_frame   0x00000000       0x20 e:/embedded_iti/01-embedded systems avr tools/01- imt sdk/imt_sdk_win_64/winavr/bin/../lib/gcc/avr/4.3.3/avr5\libgcc.a(_fixunssfsi.o)
 .debug_frame   0x00000020       0x40 e:/embedded_iti/01-embedded systems avr tools/01- imt sdk/imt_sdk_win_64/winavr/bin/../lib/gcc/avr/4.3.3/avr5\libgcc.a(_addsub_sf.o)
 .debug_frame   0x00000060       0x20 e:/embedded_iti/01-embedded systems avr tools/01- imt sdk/imt_sdk_win_64/winavr/bin/../lib/gcc/avr/4.3.3/avr5\libgcc.a(_mul_sf.o)
 .debug_frame   0x00000080       0x20 e:/embedded_iti/01-embedded systems avr tools/01- imt sdk/imt_sdk_win_64/winavr/bin/../lib/gcc/avr/4.3.3/avr5\libgcc.a(_div_sf.o)
 .debug_frame   0x000000a0       0x20 e:/embedded_iti/01-embedded systems avr tools/01- imt sdk/imt_sdk_win_64/winavr/bin/../lib/gcc/avr/4.3.3/avr5\libgcc.a(_gt_sf.o)
 .debug_frame   0x000000c0       0x20 e:/embedded_iti/01-embedded systems avr tools/01- imt sdk/imt_sdk_win_64/winavr/bin/../lib/gcc/avr/4.3.3/avr5\libgcc.a(_ge_sf.o)
 .debug_frame   0x000000e0       0x20 e:/embedded_iti/01-embedded systems avr tools/01- imt sdk/imt_sdk_win_64/winavr/bin/../lib/gcc/avr/4.3.3/avr5\libgcc.a(_lt_sf.o)
 .debug_frame   0x00000100       0x20 e:/embedded_iti/01-embedded systems avr tools/01- imt sdk/imt_sdk_win_64/winavr/bin/../lib/gcc/avr/4.3.3/avr5\libgcc.a(_sf_to_si.o)
 .debug_frame   0x00000120       0x20 e:/embedded_iti/01-embedded systems avr tools/01- imt sdk/imt_sdk_win_64/winavr/bin/../lib/gcc/avr/4.3.3/avr5\libgcc.a(_usi_to_sf.o)
 .debug_frame   0x00000140       0x20 e:/embedded_iti/01-embedded systems avr tools/01- imt sdk/imt_sdk_win_64/winavr/bin/../lib/gcc/avr/4.3.3/avr5\libgcc.a(_clzsi2.o)
 .debug_frame   0x00000160       0x20 e:/embedded_iti/01-embedded systems avr tools/01- imt sdk/imt_sdk_win_64/winavr/bin/../lib/gcc/avr/4.3.3/avr5\libgcc.a(_pack_sf.o)
 .debug_frame   0x00000180       0x20 e:/embedded_iti/01-embedded systems avr tools/01- imt sdk/imt_sdk_win_64/winavr/bin/../lib/gcc/avr/4.3.3/avr5\libgcc.a(_unpack_sf.o)
 .debug_frame   0x000001a0       0x20 e:/embedded_iti/01-embedded systems avr tools/01- imt sdk/imt_sdk_win_64/winavr/bin/../lib/gcc/avr/4.3.3/avr5\libgcc.a(_fpcmp_parts_sf.o)

.debug_str      0x00000000      0x2f6
 *(.debug_str)
 .debug_str     0x00000000       0xbf e:/embedded_iti/01-embedded systems avr tools/01- imt sdk/imt_sdk_win_64/winavr/bin/../lib/gcc/avr/4.3.3/avr5\libgcc.a(_fixunssfsi.o)
                                 0xfe (size before relaxing)
 .debug_str     0x000000bf      0x14d e:/embedded_iti/01-embedded systems avr tools/01- imt sdk/imt_sdk_win_64/winavr/bin/../lib/gcc/avr/4.3.3/avr5\libgcc.a(_addsub_sf.o)
                                0x206 (size before relaxing)
 .debug_str     0x0000020c       0x27 e:/embedded_iti/01-embedded systems avr tools/01- imt sdk/imt_sdk_win_64/winavr/bin/../lib/gcc/avr/4.3.3/avr5\libgcc.a(_mul_sf.o)
                                0x1bf (size before relaxing)
 .debug_str     0x00000233       0x35 e:/embedded_iti/01-embedded systems avr tools/01- imt sdk/imt_sdk_win_64/winavr/bin/../lib/gcc/avr/4.3.3/avr5\libgcc.a(_div_sf.o)
                                0x1c8 (size before relaxing)
 .debug_str     0x00000268        0x8 e:/embedded_iti/01-embedded systems avr tools/01- imt sdk/imt_sdk_win_64/winavr/bin/../lib/gcc/avr/4.3.3/avr5\libgcc.a(_gt_sf.o)
                                0x195 (size before relaxing)
 .debug_str     0x00000270        0x8 e:/embedded_iti/01-embedded systems avr tools/01- imt sdk/imt_sdk_win_64/winavr/bin/../lib/gcc/avr/4.3.3/avr5\libgcc.a(_ge_sf.o)
                                0x195 (size before relaxing)
 .debug_str     0x00000278        0x8 e:/embedded_iti/01-embedded systems avr tools/01- imt sdk/imt_sdk_win_64/winavr/bin/../lib/gcc/avr/4.3.3/avr5\libgcc.a(_lt_sf.o)
                                0x195 (size before relaxing)
 .debug_str     0x00000280        0xa e:/embedded_iti/01-embedded systems avr tools/01- imt sdk/imt_sdk_win_64/winavr/bin/../lib/gcc/avr/4.3.3/avr5\libgcc.a(_sf_to_si.o)
                                0x19e (size before relaxing)
 .debug_str     0x00000000      0x103 e:/embedded_iti/01-embedded systems avr tools/01- imt sdk/imt_sdk_win_64/winavr/bin/../lib/gcc/avr/4.3.3/avr5\libgcc.a(_thenan_sf.o)
 .debug_str     0x0000028a       0x21 e:/embedded_iti/01-embedded systems avr tools/01- imt sdk/imt_sdk_win_64/winavr/bin/../lib/gcc/avr/4.3.3/avr5\libgcc.a(_usi_to_sf.o)
                                0x177 (size before relaxing)
 .debug_str     0x000002ab       0x20 e:/embedded_iti/01-embedded systems avr tools/01- imt sdk/imt_sdk_win_64/winavr/bin/../lib/gcc/avr/4.3.3/avr5\libgcc.a(_clzsi2.o)
                                0x111 (size before relaxing)
 .debug_str     0x000002cb       0x10 e:/embedded_iti/01-embedded systems avr tools/01- imt sdk/imt_sdk_win_64/winavr/bin/../lib/gcc/avr/4.3.3/avr5\libgcc.a(_pack_sf.o)
                                0x19d (size before relaxing)
 .debug_str     0x000002db        0xb e:/embedded_iti/01-embedded systems avr tools/01- imt sdk/imt_sdk_win_64/winavr/bin/../lib/gcc/avr/4.3.3/avr5\libgcc.a(_unpack_sf.o)
                                0x17f (size before relaxing)
 .debug_str     0x000002e6       0x10 e:/embedded_iti/01-embedded systems avr tools/01- imt sdk/imt_sdk_win_64/winavr/bin/../lib/gcc/avr/4.3.3/avr5\libgcc.a(_fpcmp_parts_sf.o)
                                0x163 (size before relaxing)
 .debug_str     0x00000000       0xf4 e:/embedded_iti/01-embedded systems avr tools/01- imt sdk/imt_sdk_win_64/winavr/bin/../lib/gcc/avr/4.3.3/avr5\libgcc.a(_clz.o)

.debug_loc      0x00000000      0x96e
 *(.debug_loc)
 .debug_loc     0x00000000       0x34 e:/embedded_iti/01-embedded systems avr tools/01- imt sdk/imt_sdk_win_64/winavr/bin/../lib/gcc/avr/4.3.3/avr5\libgcc.a(_fixunssfsi.o)
 .debug_loc     0x00000034      0x32a e:/embedded_iti/01-embedded systems avr tools/01- imt sdk/imt_sdk_win_64/winavr/bin/../lib/gcc/avr/4.3.3/avr5\libgcc.a(_addsub_sf.o)
 .debug_loc     0x0000035e      0x104 e:/embedded_iti/01-embedded systems avr tools/01- imt sdk/imt_sdk_win_64/winavr/bin/../lib/gcc/avr/4.3.3/avr5\libgcc.a(_mul_sf.o)
 .debug_loc     0x00000462       0xc0 e:/embedded_iti/01-embedded systems avr tools/01- imt sdk/imt_sdk_win_64/winavr/bin/../lib/gcc/avr/4.3.3/avr5\libgcc.a(_div_sf.o)
 .debug_loc     0x00000522       0x3c e:/embedded_iti/01-embedded systems avr tools/01- imt sdk/imt_sdk_win_64/winavr/bin/../lib/gcc/avr/4.3.3/avr5\libgcc.a(_gt_sf.o)
 .debug_loc     0x0000055e       0x3c e:/embedded_iti/01-embedded systems avr tools/01- imt sdk/imt_sdk_win_64/winavr/bin/../lib/gcc/avr/4.3.3/avr5\libgcc.a(_ge_sf.o)
 .debug_loc     0x0000059a       0x3c e:/embedded_iti/01-embedded systems avr tools/01- imt sdk/imt_sdk_win_64/winavr/bin/../lib/gcc/avr/4.3.3/avr5\libgcc.a(_lt_sf.o)
 .debug_loc     0x000005d6       0x7e e:/embedded_iti/01-embedded systems avr tools/01- imt sdk/imt_sdk_win_64/winavr/bin/../lib/gcc/avr/4.3.3/avr5\libgcc.a(_sf_to_si.o)
 .debug_loc     0x00000654       0x4c e:/embedded_iti/01-embedded systems avr tools/01- imt sdk/imt_sdk_win_64/winavr/bin/../lib/gcc/avr/4.3.3/avr5\libgcc.a(_usi_to_sf.o)
 .debug_loc     0x000006a0       0x94 e:/embedded_iti/01-embedded systems avr tools/01- imt sdk/imt_sdk_win_64/winavr/bin/../lib/gcc/avr/4.3.3/avr5\libgcc.a(_clzsi2.o)
 .debug_loc     0x00000734      0x13e e:/embedded_iti/01-embedded systems avr tools/01- imt sdk/imt_sdk_win_64/winavr/bin/../lib/gcc/avr/4.3.3/avr5\libgcc.a(_pack_sf.o)
 .debug_loc     0x00000872       0xac e:/embedded_iti/01-embedded systems avr tools/01- imt sdk/imt_sdk_win_64/winavr/bin/../lib/gcc/avr/4.3.3/avr5\libgcc.a(_unpack_sf.o)
 .debug_loc     0x0000091e       0x50 e:/embedded_iti/01-embedded systems avr tools/01- imt sdk/imt_sdk_win_64/winavr/bin/../lib/gcc/avr/4.3.3/avr5\libgcc.a(_fpcmp_parts_sf.o)

.debug_macinfo
 *(.debug_macinfo)
OUTPUT(PWM_Calculation.elf elf32-avr)
LOAD linker stubs

.debug_ranges   0x00000000       0x50
 .debug_ranges  0x00000000       0x50 e:/embedded_iti/01-embedded systems avr tools/01- imt sdk/imt_sdk_win_64/winavr/bin/../lib/gcc/avr/4.3.3/avr5\libgcc.a(_mul_sf.o)
