Archive member included because of file (symbol)

e:/embedded_iti/01-embedded systems avr tools/01- imt sdk/imt_sdk_win_64/winavr/bin/../lib/gcc/avr/4.3.3/avr5\libgcc.a(_exit.o)
                              e:/embedded_iti/01-embedded systems avr tools/01- imt sdk/imt_sdk_win_64/winavr/bin/../lib/gcc/avr/4.3.3/../../../../avr/lib/avr5/crtm32.o (exit)
e:/embedded_iti/01-embedded systems avr tools/01- imt sdk/imt_sdk_win_64/winavr/bin/../lib/gcc/avr/4.3.3/avr5\libgcc.a(_clear_bss.o)
                              ./EXTI_program.o (__do_clear_bss)

Memory Configuration

Name             Origin             Length             Attributes
text             0x00000000         0x00020000         xr
data             0x00800060         0x0000ffa0         rw !x
eeprom           0x00810000         0x00010000         rw !x
fuse             0x00820000         0x00000400         rw !x
lock             0x00830000         0x00000400         rw !x
signature        0x00840000         0x00000400         rw !x
*default*        0x00000000         0xffffffff

Linker script and memory map

LOAD e:/embedded_iti/01-embedded systems avr tools/01- imt sdk/imt_sdk_win_64/winavr/bin/../lib/gcc/avr/4.3.3/../../../../avr/lib/avr5/crtm32.o
LOAD ./DIO_program.o
LOAD ./EXTI_program.o
LOAD ./GIE_program.o
LOAD ./main.o
LOAD e:/embedded_iti/01-embedded systems avr tools/01- imt sdk/imt_sdk_win_64/winavr/bin/../lib/gcc/avr/4.3.3/avr5\libgcc.a
LOAD e:/embedded_iti/01-embedded systems avr tools/01- imt sdk/imt_sdk_win_64/winavr/bin/../lib/gcc/avr/4.3.3/../../../../avr/lib/avr5\libc.a
LOAD e:/embedded_iti/01-embedded systems avr tools/01- imt sdk/imt_sdk_win_64/winavr/bin/../lib/gcc/avr/4.3.3/avr5\libgcc.a

.hash
 *(.hash)

.dynsym
 *(.dynsym)

.dynstr
 *(.dynstr)

.gnu.version
 *(.gnu.version)

.gnu.version_d
 *(.gnu.version_d)

.gnu.version_r
 *(.gnu.version_r)

.rel.init
 *(.rel.init)

.rela.init
 *(.rela.init)

.rel.text
 *(.rel.text)
 *(.rel.text.*)
 *(.rel.gnu.linkonce.t*)

.rela.text
 *(.rela.text)
 *(.rela.text.*)
 *(.rela.gnu.linkonce.t*)

.rel.fini
 *(.rel.fini)

.rela.fini
 *(.rela.fini)

.rel.rodata
 *(.rel.rodata)
 *(.rel.rodata.*)
 *(.rel.gnu.linkonce.r*)

.rela.rodata
 *(.rela.rodata)
 *(.rela.rodata.*)
 *(.rela.gnu.linkonce.r*)

.rel.data
 *(.rel.data)
 *(.rel.data.*)
 *(.rel.gnu.linkonce.d*)

.rela.data
 *(.rela.data)
 *(.rela.data.*)
 *(.rela.gnu.linkonce.d*)

.rel.ctors
 *(.rel.ctors)

.rela.ctors
 *(.rela.ctors)

.rel.dtors
 *(.rel.dtors)

.rela.dtors
 *(.rela.dtors)

.rel.got
 *(.rel.got)

.rela.got
 *(.rela.got)

.rel.bss
 *(.rel.bss)

.rela.bss
 *(.rela.bss)

.rel.plt
 *(.rel.plt)

.rela.plt
 *(.rela.plt)

.text           0x00000000      0xcde
 *(.vectors)
 .vectors       0x00000000       0x54 e:/embedded_iti/01-embedded systems avr tools/01- imt sdk/imt_sdk_win_64/winavr/bin/../lib/gcc/avr/4.3.3/../../../../avr/lib/avr5/crtm32.o
                0x00000000                __vectors
                0x00000000                __vector_default
 *(.vectors)
 *(.progmem.gcc*)
 *(.progmem*)
                0x00000054                . = ALIGN (0x2)
                0x00000054                __trampolines_start = .
 *(.trampolines)
 .trampolines   0x00000054        0x0 linker stubs
 *(.trampolines*)
                0x00000054                __trampolines_end = .
 *(.jumptables)
 *(.jumptables*)
 *(.lowtext)
 *(.lowtext*)
                0x00000054                __ctors_start = .
 *(.ctors)
                0x00000054                __ctors_end = .
                0x00000054                __dtors_start = .
 *(.dtors)
                0x00000054                __dtors_end = .
 SORT(*)(.ctors)
 SORT(*)(.dtors)
 *(.init0)
 .init0         0x00000054        0x0 e:/embedded_iti/01-embedded systems avr tools/01- imt sdk/imt_sdk_win_64/winavr/bin/../lib/gcc/avr/4.3.3/../../../../avr/lib/avr5/crtm32.o
                0x00000054                __init
 *(.init0)
 *(.init1)
 *(.init1)
 *(.init2)
 .init2         0x00000054        0xc e:/embedded_iti/01-embedded systems avr tools/01- imt sdk/imt_sdk_win_64/winavr/bin/../lib/gcc/avr/4.3.3/../../../../avr/lib/avr5/crtm32.o
 *(.init2)
 *(.init3)
 *(.init3)
 *(.init4)
 .init4         0x00000060       0x10 e:/embedded_iti/01-embedded systems avr tools/01- imt sdk/imt_sdk_win_64/winavr/bin/../lib/gcc/avr/4.3.3/avr5\libgcc.a(_clear_bss.o)
                0x00000060                __do_clear_bss
 *(.init4)
 *(.init5)
 *(.init5)
 *(.init6)
 *(.init6)
 *(.init7)
 *(.init7)
 *(.init8)
 *(.init8)
 *(.init9)
 .init9         0x00000070        0x8 e:/embedded_iti/01-embedded systems avr tools/01- imt sdk/imt_sdk_win_64/winavr/bin/../lib/gcc/avr/4.3.3/../../../../avr/lib/avr5/crtm32.o
 *(.init9)
 *(.text)
 .text          0x00000078        0x4 e:/embedded_iti/01-embedded systems avr tools/01- imt sdk/imt_sdk_win_64/winavr/bin/../lib/gcc/avr/4.3.3/../../../../avr/lib/avr5/crtm32.o
                0x00000078                __vector_12
                0x00000078                __bad_interrupt
                0x00000078                __vector_6
                0x00000078                __vector_11
                0x00000078                __vector_13
                0x00000078                __vector_17
                0x00000078                __vector_19
                0x00000078                __vector_7
                0x00000078                __vector_5
                0x00000078                __vector_4
                0x00000078                __vector_9
                0x00000078                __vector_15
                0x00000078                __vector_8
                0x00000078                __vector_14
                0x00000078                __vector_10
                0x00000078                __vector_16
                0x00000078                __vector_18
                0x00000078                __vector_20
 .text          0x0000007c        0x0 ./DIO_program.o
 .text          0x0000007c        0x0 ./EXTI_program.o
 .text          0x0000007c        0x0 ./GIE_program.o
 .text          0x0000007c        0x0 ./main.o
 .text          0x0000007c        0x0 e:/embedded_iti/01-embedded systems avr tools/01- imt sdk/imt_sdk_win_64/winavr/bin/../lib/gcc/avr/4.3.3/avr5\libgcc.a(_exit.o)
 .text          0x0000007c        0x0 e:/embedded_iti/01-embedded systems avr tools/01- imt sdk/imt_sdk_win_64/winavr/bin/../lib/gcc/avr/4.3.3/avr5\libgcc.a(_clear_bss.o)
                0x0000007c                . = ALIGN (0x2)
 *(.text.*)
 .text.DIO_voidSetPinDirection
                0x0000007c      0x200 ./DIO_program.o
                0x0000007c                DIO_voidSetPinDirection
 .text.DIO_voidSetPinValue
                0x0000027c      0x200 ./DIO_program.o
                0x0000027c                DIO_voidSetPinValue
 .text.DIO_voidSetPortDirection
                0x0000047c       0x82 ./DIO_program.o
                0x0000047c                DIO_voidSetPortDirection
 .text.DIO_voidSetAllPortInput
                0x000004fe       0x76 ./DIO_program.o
                0x000004fe                DIO_voidSetAllPortInput
 .text.DIO_voidSetAllPortOutput
                0x00000574       0x7e ./DIO_program.o
                0x00000574                DIO_voidSetAllPortOutput
 .text.DIO_voidSetPortValue
                0x000005f2       0x82 ./DIO_program.o
                0x000005f2                DIO_voidSetPortValue
 .text.DIO_voidSetAllPortLow
                0x00000674       0x76 ./DIO_program.o
                0x00000674                DIO_voidSetAllPortLow
 .text.DIO_voidSetAllPortHigh
                0x000006ea       0x7e ./DIO_program.o
                0x000006ea                DIO_voidSetAllPortHigh
 .text.DIO_u8GetPinValue
                0x00000768       0xf2 ./DIO_program.o
                0x00000768                DIO_u8GetPinValue
 .text.DIO_voidTogglePinValue
                0x0000085a       0xfa ./DIO_program.o
                0x0000085a                DIO_voidTogglePinValue
 .text.EXTI_voidInitialize
                0x00000954      0x170 ./EXTI_program.o
                0x00000954                EXTI_voidInitialize
 .text.EXTI0_SetCallBack
                0x00000ac4       0x24 ./EXTI_program.o
                0x00000ac4                EXTI0_SetCallBack
 .text.EXTI1_SetCallBack
                0x00000ae8       0x24 ./EXTI_program.o
                0x00000ae8                EXTI1_SetCallBack
 .text.EXTI2_SetCallBack
                0x00000b0c       0x24 ./EXTI_program.o
                0x00000b0c                EXTI2_SetCallBack
 .text.__vector_1
                0x00000b30       0x66 ./EXTI_program.o
                0x00000b30                __vector_1
 .text.__vector_2
                0x00000b96       0x66 ./EXTI_program.o
                0x00000b96                __vector_2
 .text.__vector_3
                0x00000bfc       0x66 ./EXTI_program.o
                0x00000bfc                __vector_3
 .text.GIE_voidEnable
                0x00000c62       0x1c ./GIE_program.o
                0x00000c62                GIE_voidEnable
 .text.GIE_voidDisable
                0x00000c7e       0x1c ./GIE_program.o
                0x00000c7e                GIE_voidDisable
 .text.func     0x00000c9a       0x22 ./main.o
                0x00000c9a                func
 .text.main     0x00000cbc       0x1e ./main.o
                0x00000cbc                main
 .text.libgcc   0x00000cda        0x0 e:/embedded_iti/01-embedded systems avr tools/01- imt sdk/imt_sdk_win_64/winavr/bin/../lib/gcc/avr/4.3.3/avr5\libgcc.a(_exit.o)
 .text.libgcc   0x00000cda        0x0 e:/embedded_iti/01-embedded systems avr tools/01- imt sdk/imt_sdk_win_64/winavr/bin/../lib/gcc/avr/4.3.3/avr5\libgcc.a(_clear_bss.o)
                0x00000cda                . = ALIGN (0x2)
 *(.fini9)
 .fini9         0x00000cda        0x0 e:/embedded_iti/01-embedded systems avr tools/01- imt sdk/imt_sdk_win_64/winavr/bin/../lib/gcc/avr/4.3.3/avr5\libgcc.a(_exit.o)
                0x00000cda                exit
                0x00000cda                _exit
 *(.fini9)
 *(.fini8)
 *(.fini8)
 *(.fini7)
 *(.fini7)
 *(.fini6)
 *(.fini6)
 *(.fini5)
 *(.fini5)
 *(.fini4)
 *(.fini4)
 *(.fini3)
 *(.fini3)
 *(.fini2)
 *(.fini2)
 *(.fini1)
 *(.fini1)
 *(.fini0)
 .fini0         0x00000cda        0x4 e:/embedded_iti/01-embedded systems avr tools/01- imt sdk/imt_sdk_win_64/winavr/bin/../lib/gcc/avr/4.3.3/avr5\libgcc.a(_exit.o)
 *(.fini0)
                0x00000cde                _etext = .

.data           0x00800060        0x0 load address 0x00000cde
                0x00800060                PROVIDE (__data_start, .)
 *(.data)
 .data          0x00800060        0x0 e:/embedded_iti/01-embedded systems avr tools/01- imt sdk/imt_sdk_win_64/winavr/bin/../lib/gcc/avr/4.3.3/../../../../avr/lib/avr5/crtm32.o
 .data          0x00800060        0x0 ./DIO_program.o
 .data          0x00800060        0x0 ./EXTI_program.o
 .data          0x00800060        0x0 ./GIE_program.o
 .data          0x00800060        0x0 ./main.o
 .data          0x00800060        0x0 e:/embedded_iti/01-embedded systems avr tools/01- imt sdk/imt_sdk_win_64/winavr/bin/../lib/gcc/avr/4.3.3/avr5\libgcc.a(_exit.o)
 .data          0x00800060        0x0 e:/embedded_iti/01-embedded systems avr tools/01- imt sdk/imt_sdk_win_64/winavr/bin/../lib/gcc/avr/4.3.3/avr5\libgcc.a(_clear_bss.o)
 *(.data*)
 *(.rodata)
 *(.rodata*)
 *(.gnu.linkonce.d*)
                0x00800060                . = ALIGN (0x2)
                0x00800060                _edata = .
                0x00800060                PROVIDE (__data_end, .)

.bss            0x00800060        0x6
                0x00800060                PROVIDE (__bss_start, .)
 *(.bss)
 .bss           0x00800060        0x0 e:/embedded_iti/01-embedded systems avr tools/01- imt sdk/imt_sdk_win_64/winavr/bin/../lib/gcc/avr/4.3.3/../../../../avr/lib/avr5/crtm32.o
 .bss           0x00800060        0x0 ./DIO_program.o
 .bss           0x00800060        0x0 ./EXTI_program.o
 .bss           0x00800060        0x0 ./GIE_program.o
 .bss           0x00800060        0x0 ./main.o
 .bss           0x00800060        0x0 e:/embedded_iti/01-embedded systems avr tools/01- imt sdk/imt_sdk_win_64/winavr/bin/../lib/gcc/avr/4.3.3/avr5\libgcc.a(_exit.o)
 .bss           0x00800060        0x0 e:/embedded_iti/01-embedded systems avr tools/01- imt sdk/imt_sdk_win_64/winavr/bin/../lib/gcc/avr/4.3.3/avr5\libgcc.a(_clear_bss.o)
 *(.bss*)
 .bss.EXTI0_GPfun
                0x00800060        0x2 ./EXTI_program.o
                0x00800060                EXTI0_GPfun
 .bss.EXTI1_GPfun
                0x00800062        0x2 ./EXTI_program.o
                0x00800062                EXTI1_GPfun
 .bss.EXTI2_GPfun
                0x00800064        0x2 ./EXTI_program.o
                0x00800064                EXTI2_GPfun
 *(COMMON)
                0x00800066                PROVIDE (__bss_end, .)
                0x00000cde                __data_load_start = LOADADDR (.data)
                0x00000cde                __data_load_end = (__data_load_start + SIZEOF (.data))

.noinit         0x00800066        0x0
                0x00800066                PROVIDE (__noinit_start, .)
 *(.noinit*)
                0x00800066                PROVIDE (__noinit_end, .)
                0x00800066                _end = .
                0x00800066                PROVIDE (__heap_start, .)

.eeprom         0x00810000        0x0
 *(.eeprom*)
                0x00810000                __eeprom_end = .

.fuse
 *(.fuse)
 *(.lfuse)
 *(.hfuse)
 *(.efuse)

.lock
 *(.lock*)

.signature
 *(.signature*)

.stab           0x00000000      0xce4
 *(.stab)
 .stab          0x00000000      0x6cc ./DIO_program.o
 .stab          0x000006cc      0x378 ./EXTI_program.o
                                0x3f0 (size before relaxing)
 .stab          0x00000a44      0x144 ./GIE_program.o
                                0x1bc (size before relaxing)
 .stab          0x00000b88      0x15c ./main.o
                                0x1d4 (size before relaxing)

.stabstr        0x00000000      0x633
 *(.stabstr)
 .stabstr       0x00000000      0x633 ./DIO_program.o

.stab.excl
 *(.stab.excl)

.stab.exclstr
 *(.stab.exclstr)

.stab.index
 *(.stab.index)

.stab.indexstr
 *(.stab.indexstr)

.comment
 *(.comment)

.debug
 *(.debug)

.line
 *(.line)

.debug_srcinfo
 *(.debug_srcinfo)

.debug_sfnames
 *(.debug_sfnames)

.debug_aranges
 *(.debug_aranges)

.debug_pubnames
 *(.debug_pubnames)

.debug_info
 *(.debug_info)
 *(.gnu.linkonce.wi.*)

.debug_abbrev
 *(.debug_abbrev)

.debug_line
 *(.debug_line)

.debug_frame
 *(.debug_frame)

.debug_str
 *(.debug_str)

.debug_loc
 *(.debug_loc)

.debug_macinfo
 *(.debug_macinfo)
OUTPUT(EXTI_driver.elf elf32-avr)
LOAD linker stubs
